// Jest Snapshot v1, https://goo.gl/fbAQLP

exports[`should render tab 1`] = `
<div
  className="undefined undefined"
  onClick={[Function]}
>
  Tab 4
</div>
`;
