// Jest Snapshot v1, https://goo.gl/fbAQLP

exports[`should render primary label 1`] = `
<span>
  test
</span>
`;
