// Jest Snapshot v1, https://goo.gl/fbAQLP

exports[`should render logo 1`] = `
<div>
  <span>
    netflix
  </span>
  <span>
    roulette
  </span>
</div>
`;
