// Jest Snapshot v1, https://goo.gl/fbAQLP

exports[`should render divider 1`] = `<div />`;
